// Jest Snapshot v1, https://goo.gl/fbAQLP

exports[`About component matches snapshot DOM render structure 1`] = `
<DocumentFragment>
  <section
    class="my-5"
  >
    <h1
      id="about"
    >
      Who am I?
    </h1>
    <img
      alt="cover"
      class="my-2"
      src="cover-image.jpg"
      style="width: 100%;"
    />
    <div
      class="my-2"
    >
      <p>
        Lorem ipsum hadihadshjasdo asghdsaihas ashgdhiag asgdhagdhakhd ashgfjvfsKjs dahfjsh dshfjsHzfkjhsdKJkj dsjhfsjkdsjkh hdj  dahz hadih hasih  dhjahdfjahj.
      </p>
    </div>
  </section>
</DocumentFragment>
`;
