// Jest Snapshot v1, https://goo.gl/fbAQLP

exports[`Modal component matches snapshot DOM node structure 1`] = `
<DocumentFragment>
  <div
    class="modalBackdrop"
  >
    <div
      class="modalContainer"
    >
      <h3
        class="modalTitle"
      >
        Park bench 
      </h3>
      <img
        alt="current category"
      />
      <p>
        Its a bench, what more do you want from me?
      </p>
      <button
        type="button"
      >
        Close this modal
      </button>
    </div>
  </div>
</DocumentFragment>
`;
